../Core/Src/main.c:68:1:__io_putchar	16	static
../Core/Src/main.c:83:5:main	8	static
../Core/Src/main.c:139:6:SystemClock_Config	96	static
../Core/Src/main.c:200:13:MX_I2C1_Init	8	static
../Core/Src/main.c:248:13:MX_TIM2_Init	64	static
../Core/Src/main.c:311:13:MX_USART2_UART_Init	8	static
../Core/Src/main.c:344:13:MX_DMA_Init	16	static
../Core/Src/main.c:362:13:MX_GPIO_Init	40	static
../Core/Src/main.c:426:6:Error_Handler	4	static,ignoring_inline_asm
../Core/Src/main.c:443:6:SlaveDataReady_Callback	32	static
